#
# There is insufficient memory for the Java Runtime Environment to continue.
# Native memory allocation (malloc) failed to allocate 1048576 bytes. Error detail: AllocateHeap
# Possible reasons:
#   The system is out of physical RAM or swap space
#   This process is running with CompressedOops enabled, and the Java Heap may be blocking the growth of the native heap
# Possible solutions:
#   Reduce memory load on the system
#   Increase physical memory or swap space
#   Check if swap backing store is full
#   Decrease Java heap size (-Xmx/-Xms)
#   Decrease number of Java threads
#   Decrease Java thread stack sizes (-Xss)
#   Set larger code cache with -XX:ReservedCodeCacheSize=
#   JVM is running with Unscaled Compressed Oops mode in which the Java heap is
#     placed in the first 4GB address space. The Java Heap base address is the
#     maximum limit for the native heap growth. Please use -XX:HeapBaseMinAddress
#     to set the Java Heap base and to place the Java Heap above 4GB virtual address.
# This output file may be truncated or incomplete.
#
#  Out of Memory Error (allocation.cpp:44), pid=15544, tid=26304
#
# JRE version: OpenJDK Runtime Environment Temurin-21.0.11+10 (21.0.11+10) (build 21.0.11+10-LTS)
# Java VM: OpenJDK 64-Bit Server VM Temurin-21.0.11+10 (21.0.11+10-LTS, mixed mode, sharing, tiered, compressed oops, compressed class ptrs, parallel gc, windows-amd64)
# No core dump will be written. Minidumps are not enabled by default on client versions of Windows
#

---------------  S U M M A R Y ------------

Command Line: --add-modules=ALL-SYSTEM --add-opens=java.base/java.util=ALL-UNNAMED --add-opens=java.base/java.lang=ALL-UNNAMED --add-opens=java.base/sun.nio.fs=ALL-UNNAMED -Declipse.application=org.eclipse.jdt.ls.core.id1 -Dosgi.bundles.defaultStartLevel=4 -Declipse.product=org.eclipse.jdt.ls.core.product -Djava.import.generatesMetadataFilesAtProjectRoot=false -DDetectVMInstallationsJob.disabled=true -Dfile.encoding=utf8 -XX:+UseParallelGC -XX:GCTimeRatio=4 -XX:AdaptiveSizePolicyWeight=90 -Dsun.zip.disableMemoryMapping=true -Xmx2G -Xms100m -Xlog:disable -javaagent:c:\Users\sagar\.vscode\extensions\redhat.java-1.55.0-win32-x64\lombok\lombok-1.18.39-4050.jar -XX:+HeapDumpOnOutOfMemoryError -XX:HeapDumpPath=c:\Users\sagar\AppData\Roaming\Code\User\workspaceStorage\c297d7d98215fb96aa9e11868aa81bf8\redhat.java -Daether.dependencyCollector.impl=bf c:\Users\sagar\.vscode\extensions\redhat.java-1.55.0-win32-x64\server\plugins\org.eclipse.equinox.launcher_1.7.200.v20260619-2039.jar -configuration c:\Users\sagar\AppData\Roaming\Code\User\globalStorage\redhat.java\1.55.0\config_win -data c:\Users\sagar\AppData\Roaming\Code\User\workspaceStorage\c297d7d98215fb96aa9e11868aa81bf8\redhat.java\jdt_ws --pipe=\\.\pipe\lsp-41a5daee77215324e22d97c2cd3ba41f-sock

Host: 12th Gen Intel(R) Core(TM) i5-1235U, 12 cores, 7G,  Windows 11 , 64 bit Build 26100 (10.0.26100.8875)
Time: Tue Aug  4 22:20:39 2026 India Standard Time elapsed time: 398.964707 seconds (0d 0h 6m 38s)

---------------  T H R E A D  ---------------

Current thread (0x000001d50cb8c180):  JavaThread "Attach Listener" daemon [_thread_in_vm, id=26304, stack(0x0000003e76700000,0x0000003e76800000) (1024K)]

Stack: [0x0000003e76700000,0x0000003e76800000]
Native frames: (J=compiled Java code, j=interpreted, Vv=VM code, C=native code)
V  [jvm.dll+0x6d7e19]
V  [jvm.dll+0x8b5096]
V  [jvm.dll+0x8b764e]
V  [jvm.dll+0x8b7d33]
V  [jvm.dll+0x284596]
V  [jvm.dll+0xc13c7]
V  [jvm.dll+0x6d86c9]
V  [jvm.dll+0x133616]
V  [jvm.dll+0x3f868e]
V  [jvm.dll+0x85fb0d]
V  [jvm.dll+0x6d664d]
C  [ucrtbase.dll+0x2cd30]
C  [KERNEL32.DLL+0x2e957]
C  [ntdll.dll+0xaad6c]


---------------  P R O C E S S  ---------------

Threads class SMR info:
_java_thread_list=0x000001d56e8fcfb0, length=60, elements={
0x000001d50cadd120, 0x000001d50ca8ca20, 0x000001d50ca8e950, 0x000001d50cb8b4a0,
0x000001d50cb8c180, 0x000001d50cb8cbe0, 0x000001d50cb8f8c0, 0x000001d50cb92960,
0x000001d50cb9ca60, 0x000001d565b31de0, 0x000001d565c0afb0, 0x000001d56b5dd240,
0x000001d56b6909b0, 0x000001d56b850100, 0x000001d56b850770, 0x000001d56b7fcfe0,
0x000001d56c09e0a0, 0x000001d56b0a7590, 0x000001d56b36a680, 0x000001d56b36b3a0,
0x000001d56b369ff0, 0x000001d56c649ae0, 0x000001d56c6480a0, 0x000001d56c64bbb0,
0x000001d56c64ae90, 0x000001d56c648730, 0x000001d56c64c240, 0x000001d56c649450,
0x000001d56c648dc0, 0x000001d56c64f030, 0x000001d56c64cf60, 0x000001d56c64f6c0,
0x000001d56c64e9a0, 0x000001d56c64dc80, 0x000001d56c64c8d0, 0x000001d56d0febc0,
0x000001d56d1026d0, 0x000001d56d102040, 0x000001d56d100c90, 0x000001d56d101320,
0x000001d56d0ff250, 0x000001d56d102d60, 0x000001d56d0fff70, 0x000001d56d1019b0,
0x000001d56d100600, 0x000001d56d1033f0, 0x000001d56d103a80, 0x000001d56d104110,
0x000001d56cde0760, 0x000001d56cddf3b0, 0x000001d56cde00d0, 0x000001d56cde2ec0,
0x000001d56cde0df0, 0x000001d56cde4270, 0x000001d56cde4f90, 0x000001d56cde5620,
0x000001d56d104e30, 0x000001d56de32220, 0x000001d56de31b90, 0x000001d56de2c640
}

Java Threads: ( => current thread )
  0x000001d50cadd120 JavaThread "main"                              [_thread_blocked, id=14512, stack(0x0000003e76000000,0x0000003e76100000) (1024K)]
  0x000001d50ca8ca20 JavaThread "Reference Handler"          daemon [_thread_blocked, id=20796, stack(0x0000003e76400000,0x0000003e76500000) (1024K)]
  0x000001d50ca8e950 JavaThread "Finalizer"                  daemon [_thread_blocked, id=7436, stack(0x0000003e76500000,0x0000003e76600000) (1024K)]
  0x000001d50cb8b4a0 JavaThread "Signal Dispatcher"          daemon [_thread_blocked, id=3076, stack(0x0000003e76600000,0x0000003e76700000) (1024K)]
=>0x000001d50cb8c180 JavaThread "Attach Listener"            daemon [_thread_in_vm, id=26304, stack(0x0000003e76700000,0x0000003e76800000) (1024K)]
  0x000001d50cb8cbe0 JavaThread "Service Thread"             daemon [_thread_blocked, id=27764, stack(0x0000003e76800000,0x0000003e76900000) (1024K)]
  0x000001d50cb8f8c0 JavaThread "Monitor Deflation Thread"   daemon [_thread_blocked, id=28468, stack(0x0000003e76900000,0x0000003e76a00000) (1024K)]
  0x000001d50cb92960 JavaThread "C2 CompilerThread0"         daemon [_thread_blocked, id=14848, stack(0x0000003e76a00000,0x0000003e76b00000) (1024K)]
  0x000001d50cb9ca60 JavaThread "C1 CompilerThread0"         daemon [_thread_blocked, id=21916, stack(0x0000003e76b00000,0x0000003e76c00000) (1024K)]
  0x000001d565b31de0 JavaThread "Common-Cleaner"             daemon [_thread_blocked, id=12804, stack(0x0000003e76d00000,0x0000003e76e00000) (1024K)]
  0x000001d565c0afb0 JavaThread "Notification Thread"        daemon [_thread_blocked, id=14892, stack(0x0000003e76e00000,0x0000003e76f00000) (1024K)]
  0x000001d56b5dd240 JavaThread "Active Thread: Equinox Container: 02523d4c-4f17-4a93-8f77-5b0f8250cc02"        [_thread_blocked, id=30380, stack(0x0000003e76c00000,0x0000003e76d00000) (1024K)]
  0x000001d56b6909b0 JavaThread "Refresh Thread: Equinox Container: 02523d4c-4f17-4a93-8f77-5b0f8250cc02" daemon [_thread_blocked, id=23496, stack(0x0000003e77700000,0x0000003e77800000) (1024K)]
  0x000001d56b850100 JavaThread "Framework Event Dispatcher: Equinox Container: 02523d4c-4f17-4a93-8f77-5b0f8250cc02" daemon [_thread_blocked, id=16016, stack(0x0000003e77800000,0x0000003e77900000) (1024K)]
  0x000001d56b850770 JavaThread "Start Level: Equinox Container: 02523d4c-4f17-4a93-8f77-5b0f8250cc02" daemon [_thread_blocked, id=9188, stack(0x0000003e77500000,0x0000003e77600000) (1024K)]
  0x000001d56b7fcfe0 JavaThread "Bundle File Closer"         daemon [_thread_blocked, id=29352, stack(0x0000003e77b00000,0x0000003e77c00000) (1024K)]
  0x000001d56c09e0a0 JavaThread "SCR Component Actor"        daemon [_thread_blocked, id=14828, stack(0x0000003e77c00000,0x0000003e77d00000) (1024K)]
  0x000001d56b0a7590 JavaThread "Worker-JM"                         [_thread_blocked, id=8392, stack(0x0000003e77d00000,0x0000003e77e00000) (1024K)]
  0x000001d56b36a680 JavaThread "JNA Cleaner"                daemon [_thread_blocked, id=30856, stack(0x0000003e77e00000,0x0000003e77f00000) (1024K)]
  0x000001d56b36b3a0 JavaThread "Worker-0"                          [_thread_blocked, id=25996, stack(0x0000003e77f00000,0x0000003e78000000) (1024K)]
  0x000001d56b369ff0 JavaThread "Worker-1"                          [_thread_blocked, id=5624, stack(0x0000003e78000000,0x0000003e78100000) (1024K)]
  0x000001d56c649ae0 JavaThread "Java indexing"              daemon [_thread_blocked, id=2556, stack(0x0000003e78200000,0x0000003e78300000) (1024K)]
  0x000001d56c6480a0 JavaThread "Thread-1"                   daemon [_thread_in_native, id=13576, stack(0x0000003e78600000,0x0000003e78700000) (1024K)]
  0x000001d56c64bbb0 JavaThread "Thread-2"                   daemon [_thread_in_native, id=3752, stack(0x0000003e78700000,0x0000003e78800000) (1024K)]
  0x000001d56c64ae90 JavaThread "Thread-3"                   daemon [_thread_in_native, id=23156, stack(0x0000003e78800000,0x0000003e78900000) (1024K)]
  0x000001d56c648730 JavaThread "Thread-4"                   daemon [_thread_in_native, id=17228, stack(0x0000003e78900000,0x0000003e78a00000) (1024K)]
  0x000001d56c64c240 JavaThread "Thread-5"                   daemon [_thread_in_native, id=5276, stack(0x0000003e78a00000,0x0000003e78b00000) (1024K)]
  0x000001d56c649450 JavaThread "Thread-6"                   daemon [_thread_in_native, id=16560, stack(0x0000003e78b00000,0x0000003e78c00000) (1024K)]
  0x000001d56c648dc0 JavaThread "Thread-7"                   daemon [_thread_in_native, id=10836, stack(0x0000003e78c00000,0x0000003e78d00000) (1024K)]
  0x000001d56c64f030 JavaThread "Thread-8"                   daemon [_thread_in_native, id=2584, stack(0x0000003e78d00000,0x0000003e78e00000) (1024K)]
  0x000001d56c64cf60 JavaThread "Thread-9"                   daemon [_thread_in_native, id=29112, stack(0x0000003e78e00000,0x0000003e78f00000) (1024K)]
  0x000001d56c64f6c0 JavaThread "Thread-10"                  daemon [_thread_in_native, id=9180, stack(0x0000003e78f00000,0x0000003e79000000) (1024K)]
  0x000001d56c64e9a0 JavaThread "Thread-11"                  daemon [_thread_in_native, id=30028, stack(0x0000003e79000000,0x0000003e79100000) (1024K)]
  0x000001d56c64dc80 JavaThread "Thread-12"                  daemon [_thread_in_native, id=5064, stack(0x0000003e79100000,0x0000003e79200000) (1024K)]
  0x000001d56c64c8d0 JavaThread "Thread-13"                  daemon [_thread_in_native, id=10124, stack(0x0000003e79200000,0x0000003e79300000) (1024K)]
  0x000001d56d0febc0 JavaThread "pool-2-thread-1"                   [_thread_blocked, id=31140, stack(0x0000003e79500000,0x0000003e79600000) (1024K)]
  0x000001d56d1026d0 JavaThread "WorkspaceEventsHandler"            [_thread_blocked, id=19600, stack(0x0000003e79600000,0x0000003e79700000) (1024K)]
  0x000001d56d102040 JavaThread "pool-1-thread-1"                   [_thread_blocked, id=13016, stack(0x0000003e79700000,0x0000003e79800000) (1024K)]
  0x000001d56d100c90 JavaThread "PatternSearchJob-worker-1"  daemon [_thread_blocked, id=30160, stack(0x0000003e79800000,0x0000003e79900000) (1024K)]
  0x000001d56d101320 JavaThread "PatternSearchJob-worker-2"  daemon [_thread_blocked, id=15692, stack(0x0000003e79900000,0x0000003e79a00000) (1024K)]
  0x000001d56d0ff250 JavaThread "PatternSearchJob-worker-3"  daemon [_thread_blocked, id=27540, stack(0x0000003e79a00000,0x0000003e79b00000) (1024K)]
  0x000001d56d102d60 JavaThread "PatternSearchJob-worker-4"  daemon [_thread_blocked, id=22848, stack(0x0000003e79b00000,0x0000003e79c00000) (1024K)]
  0x000001d56d0fff70 JavaThread "PatternSearchJob-worker-5"  daemon [_thread_blocked, id=3912, stack(0x0000003e79c00000,0x0000003e79d00000) (1024K)]
  0x000001d56d1019b0 JavaThread "PatternSearchJob-worker-7"  daemon [_thread_blocked, id=23836, stack(0x0000003e79e00000,0x0000003e79f00000) (1024K)]
  0x000001d56d100600 JavaThread "PatternSearchJob-worker-8"  daemon [_thread_blocked, id=8188, stack(0x0000003e79f00000,0x0000003e7a000000) (1024K)]
  0x000001d56d1033f0 JavaThread "PatternSearchJob-worker-10" daemon [_thread_blocked, id=26424, stack(0x0000003e7a000000,0x0000003e7a100000) (1024K)]
  0x000001d56d103a80 JavaThread "PatternSearchJob-worker-9"  daemon [_thread_blocked, id=6844, stack(0x0000003e7a100000,0x0000003e7a200000) (1024K)]
  0x000001d56d104110 JavaThread "PatternSearchJob-worker-11" daemon [_thread_blocked, id=26664, stack(0x0000003e7a200000,0x0000003e7a300000) (1024K)]
  0x000001d56cde0760 JavaThread "ForkJoinPool.commonPool-worker-1" daemon [_thread_blocked, id=5908, stack(0x0000003e7a300000,0x0000003e7a400000) (1024K)]
  0x000001d56cddf3b0 JavaThread "ForkJoinPool.commonPool-worker-2" daemon [_thread_blocked, id=20984, stack(0x0000003e7a400000,0x0000003e7a500000) (1024K)]
  0x000001d56cde00d0 JavaThread "ForkJoinPool.commonPool-worker-4" daemon [_thread_blocked, id=28604, stack(0x0000003e7a600000,0x0000003e7a700000) (1024K)]
  0x000001d56cde2ec0 JavaThread "LocalFile Deleter"          daemon [_thread_blocked, id=9780, stack(0x0000003e7a900000,0x0000003e7aa00000) (1024K)]
  0x000001d56cde0df0 JavaThread "LocalFile Deleter"          daemon [_thread_blocked, id=9660, stack(0x0000003e7ac00000,0x0000003e7ad00000) (1024K)]
  0x000001d56cde4270 JavaThread "LocalFile Deleter"          daemon [_thread_blocked, id=27568, stack(0x0000003e7ad00000,0x0000003e7ae00000) (1024K)]
  0x000001d56cde4f90 JavaThread "LocalFile Deleter"          daemon [_thread_blocked, id=15928, stack(0x0000003e7af00000,0x0000003e7b000000) (1024K)]
  0x000001d56cde5620 JavaThread "LocalFile Deleter"          daemon [_thread_blocked, id=29192, stack(0x0000003e7b000000,0x0000003e7b100000) (1024K)]
  0x000001d56d104e30 JavaThread "LocalFile Deleter"          daemon [_thread_blocked, id=21000, stack(0x0000003e7b100000,0x0000003e7b200000) (1024K)]
  0x000001d56de32220 JavaThread "ForkJoinPool.commonPool-worker-9" daemon [_thread_blocked, id=31320, stack(0x0000003e7cd00000,0x0000003e7ce00000) (1024K)]
  0x000001d56de31b90 JavaThread "Cleaner-0"                  daemon [_thread_blocked, id=11628, stack(0x0000003e7ce00000,0x0000003e7cf00000) (1024K)]
  0x000001d56de2c640 JavaThread "Worker-7"                          [_thread_blocked, id=8332, stack(0x0000003e75e00000,0x0000003e75f00000) (1024K)]
Total: 60

Other Threads:
  0x000001d50cb82bc0 VMThread "VM Thread"                           [id=22104, stack(0x0000003e76300000,0x0000003e76400000) (1024K)]
  0x000001d50c96ca00 WatcherThread "VM Periodic Task Thread"        [id=15168, stack(0x0000003e76200000,0x0000003e76300000) (1024K)]
  0x000001d50cafcf40 WorkerThread "GC Thread#0"                     [id=30312, stack(0x0000003e76100000,0x0000003e76200000) (1024K)]
  0x000001d565c655a0 WorkerThread "GC Thread#1"                     [id=27972, stack(0x0000003e76f00000,0x0000003e77000000) (1024K)]
  0x000001d56b438ba0 WorkerThread "GC Thread#2"                     [id=24316, stack(0x0000003e77000000,0x0000003e77100000) (1024K)]
  0x000001d56b438f50 WorkerThread "GC Thread#3"                     [id=19148, stack(0x0000003e77100000,0x0000003e77200000) (1024K)]
  0x000001d56b6ac640 WorkerThread "GC Thread#4"                     [id=13440, stack(0x0000003e77200000,0x0000003e77300000) (1024K)]
  0x000001d56b6ac9f0 WorkerThread "GC Thread#5"                     [id=22560, stack(0x0000003e77300000,0x0000003e77400000) (1024K)]
  0x000001d56b6acda0 WorkerThread "GC Thread#6"                     [id=6248, stack(0x0000003e77400000,0x0000003e77500000) (1024K)]
  0x000001d56b7ef690 WorkerThread "GC Thread#7"                     [id=26512, stack(0x0000003e77600000,0x0000003e77700000) (1024K)]
  0x000001d56bde5c20 WorkerThread "GC Thread#8"                     [id=29580, stack(0x0000003e77900000,0x0000003e77a00000) (1024K)]
  0x000001d56b97bef0 WorkerThread "GC Thread#9"                     [id=21588, stack(0x0000003e77a00000,0x0000003e77b00000) (1024K)]
Total: 12

Threads with active compile tasks:
Total: 0

VM state: not at safepoint (normal execution)

VM Mutex/Monitor currently owned by a thread: None

Heap address: 0x0000000080000000, size: 2048 MB, Compressed Oops mode: 32-bit

CDS archive(s) mapped at: [0x000001d524000000-0x000001d524ba0000-0x000001d524ba0000), size 12189696, SharedBaseAddress: 0x000001d524000000, ArchiveRelocationMode: 1.
Compressed class space mapped at: 0x000001d525000000-0x000001d565000000, reserved size: 1073741824
Narrow klass base: 0x000001d524000000, Narrow klass shift: 0, Narrow klass range: 0x100000000

GC Precious Log:
 CardTable entry size: 512
 CPUs: 12 total, 12 available
 Memory: 7876M
 Large Page Support: Disabled
 NUMA Support: Disabled
 Compressed Oops: Enabled (32-bit)
 Alignments: Space 512K, Generation 512K, Heap 2M
 Heap Min Capacity: 100M
 Heap Initial Capacity: 100M
 Heap Max Capacity: 2G
 Pre-touch: Disabled
 Parallel Workers: 10

Heap:
 PSYoungGen      total 2560K, used 971K [0x00000000d5580000, 0x00000000d5a80000, 0x0000000100000000)
  eden space 2048K, 30% used [0x00000000d5580000,0x00000000d561ac30,0x00000000d5780000)
  from space 512K, 68% used [0x00000000d5a00000,0x00000000d5a58000,0x00000000d5a80000)
  to   space 512K, 0% used [0x00000000d5980000,0x00000000d5980000,0x00000000d5a00000)
 ParOldGen       total 641536K, used 641195K [0x0000000080000000, 0x00000000a7280000, 0x00000000d5580000)
  object space 641536K, 99% used [0x0000000080000000,0x00000000a722aec8,0x00000000a7280000)
 Metaspace       used 73119K, committed 74688K, reserved 1179648K
  class space    used 7623K, committed 8320K, reserved 1048576K

Card table byte_map: [0x000001d50c480000,0x000001d50c890000] _byte_map_base: 0x000001d50c080000

Marking Bits: (ParMarkBitMap*) 0x00007ffdd4444460
 Begin Bits: [0x000001d51ef90000, 0x000001d520f90000)
 End Bits:   [0x000001d520f90000, 0x000001d522f90000)

Polling page: 0x000001d50a920000

Metaspace:

Usage:
  Non-class:     63.96 MB used.
      Class:      7.44 MB used.
       Both:     71.41 MB used.

Virtual space:
  Non-class space:      128.00 MB reserved,      64.81 MB ( 51%) committed,  2 nodes.
      Class space:        1.00 GB reserved,       8.12 MB ( <1%) committed,  1 nodes.
             Both:        1.12 GB reserved,      72.94 MB (  6%) committed. 

Chunk freelists:
   Non-Class:  14.97 MB
       Class:  7.85 MB
        Both:  22.82 MB

MaxMetaspaceSize: unlimited
CompressedClassSpaceSize: 1.00 GB
Initial GC threshold: 21.00 MB
Current GC threshold: 97.31 MB
CDS: on
 - commit_granule_bytes: 65536.
 - commit_granule_words: 8192.
 - virtual_space_node_default_size: 8388608.
 - enlarge_chunks_in_place: 1.
 - use_allocation_guard: 0.


Internal statistics:

num_allocs_failed_limit: 9.
num_arena_births: 1360.
num_arena_deaths: 20.
num_vsnodes_births: 3.
num_vsnodes_deaths: 0.
num_space_committed: 1167.
num_space_uncommitted: 0.
num_chunks_returned_to_freelist: 32.
num_chunks_taken_from_freelist: 4987.
num_chunk_merges: 15.
num_chunk_splits: 2994.
num_chunks_enlarged: 1572.
num_inconsistent_stats: 0.

CodeHeap 'non-profiled nmethods': size=120000Kb used=7946Kb max_used=7946Kb free=112053Kb
 bounds [0x000001d5177b0000, 0x000001d517f80000, 0x000001d51ece0000]
CodeHeap 'profiled nmethods': size=120000Kb used=29334Kb max_used=29334Kb free=90666Kb
 bounds [0x000001d50fce0000, 0x000001d511990000, 0x000001d517210000]
CodeHeap 'non-nmethods': size=5760Kb used=1472Kb max_used=1531Kb free=4287Kb
 bounds [0x000001d517210000, 0x000001d517480000, 0x000001d5177b0000]
CodeCache: size=245760Kb, used=38752Kb, max_used=38811Kb, free=207006Kb
 total_blobs=14627, nmethods=13832, adapters=699, full_count=0
Compilation: enabled, stopped_count=0, restarted_count=0

Compilation events (20 events):
Event: 313.809 Thread 0x000001d50cb92960 14535       4       java.io.DataOutputStream::writeByte (14 bytes)
Event: 313.814 Thread 0x000001d50cb92960 nmethod 14535 0x000001d517f6d010 code [0x000001d517f6d240, 0x000001d517f6d810]
Event: 313.814 Thread 0x000001d50cb92960 14532       4       org.eclipse.core.internal.dtree.AbstractDataTreeNode::assembleWith (502 bytes)
Event: 313.838 Thread 0x000001d50cb92960 nmethod 14532 0x000001d517f6de90 code [0x000001d517f6e1e0, 0x000001d517f703a0]
Event: 313.838 Thread 0x000001d50cb92960 14544       4       org.eclipse.core.internal.resources.ResourceInfo::isSet (14 bytes)
Event: 313.839 Thread 0x000001d50cb92960 nmethod 14544 0x000001d517f71510 code [0x000001d517f716a0, 0x000001d517f71740]
Event: 313.839 Thread 0x000001d50cb92960 14526       4       org.eclipse.osgi.internal.loader.BundleLoader::findClass (8 bytes)
Event: 313.839 Thread 0x000001d50cb92960 nmethod 14526 0x000001d517f71810 code [0x000001d517f719a0, 0x000001d517f71a60]
Event: 313.839 Thread 0x000001d50cb92960 14533       4       org.eclipse.core.internal.dtree.AbstractDataTreeNode::<init> (34 bytes)
Event: 313.839 Thread 0x000001d50cb92960 nmethod 14533 0x000001d517f71b10 code [0x000001d517f71ca0, 0x000001d517f71d90]
Event: 313.839 Thread 0x000001d50cb92960 14538       4       jdk.internal.util.ByteArray::setInt (10 bytes)
Event: 313.840 Thread 0x000001d50cb92960 nmethod 14538 0x000001d517f71e90 code [0x000001d517f72020, 0x000001d517f72100]
Event: 319.519 Thread 0x000001d50cb92960 14545       4       jdk.internal.misc.CarrierThreadLocal::get (10 bytes)
Event: 319.523 Thread 0x000001d50cb92960 nmethod 14545 0x000001d517f72290 code [0x000001d517f72440, 0x000001d517f725c0]
Event: 321.372 Thread 0x000001d50cb92960 14546       4       jdk.internal.misc.Unsafe::putReferenceOpaque (9 bytes)
Event: 321.373 Thread 0x000001d50cb92960 nmethod 14546 0x000001d517f72790 code [0x000001d517f72920, 0x000001d517f729d0]
Event: 321.434 Thread 0x000001d50cb9ca60 14547       3       sun.nio.ch.Util::free (13 bytes)
Event: 321.434 Thread 0x000001d50cb9ca60 nmethod 14547 0x000001d511984a10 code [0x000001d511984be0, 0x000001d511984ed8]
Event: 392.665 Thread 0x000001d50cb9ca60 14548   !   3       java.util.concurrent.locks.LockSupport::parkNanos (56 bytes)
Event: 392.666 Thread 0x000001d50cb9ca60 nmethod 14548 0x000001d511985010 code [0x000001d511985220, 0x000001d511985660]

GC Heap History (20 events):
Event: 67.732 GC heap before
{Heap before GC invocations=958 (full 3):
 PSYoungGen      total 2560K, used 2540K [0x00000000d5580000, 0x00000000d5b00000, 0x0000000100000000)
  eden space 2048K, 100% used [0x00000000d5580000,0x00000000d5780000,0x00000000d5780000)
  from space 512K, 96% used [0x00000000d5a80000,0x00000000d5afb208,0x00000000d5b00000)
  to   space 1536K, 0% used [0x00000000d5800000,0x00000000d5800000,0x00000000d5980000)
 ParOldGen       total 633856K, used 633828K [0x0000000080000000, 0x00000000a6b00000, 0x00000000d5580000)
  object space 633856K, 99% used [0x0000000080000000,0x00000000a6af9050,0x00000000a6b00000)
 Metaspace       used 72522K, committed 74112K, reserved 1179648K
  class space    used 7552K, committed 8256K, reserved 1048576K
}
Event: 67.742 GC heap after
{Heap after GC invocations=958 (full 3):
 PSYoungGen      total 3584K, used 1535K [0x00000000d5580000, 0x00000000d5d80000, 0x0000000100000000)
  eden space 2048K, 0% used [0x00000000d5580000,0x00000000d5580000,0x00000000d5780000)
  from space 1536K, 99% used [0x00000000d5800000,0x00000000d597fc50,0x00000000d5980000)
  to   space 3072K, 0% used [0x00000000d5a80000,0x00000000d5a80000,0x00000000d5d80000)
 ParOldGen       total 634880K, used 634649K [0x0000000080000000, 0x00000000a6c00000, 0x00000000d5580000)
  object space 634880K, 99% used [0x0000000080000000,0x00000000a6bc65b0,0x00000000a6c00000)
 Metaspace       used 72522K, committed 74112K, reserved 1179648K
  class space    used 7552K, committed 8256K, reserved 1048576K
}
Event: 67.847 GC heap before
{Heap before GC invocations=959 (full 3):
 PSYoungGen      total 3584K, used 3583K [0x00000000d5580000, 0x00000000d5d80000, 0x0000000100000000)
  eden space 2048K, 99% used [0x00000000d5580000,0x00000000d577fff0,0x00000000d5780000)
  from space 1536K, 99% used [0x00000000d5800000,0x00000000d597fc50,0x00000000d5980000)
  to   space 3072K, 0% used [0x00000000d5a80000,0x00000000d5a80000,0x00000000d5d80000)
 ParOldGen       total 634880K, used 634649K [0x0000000080000000, 0x00000000a6c00000, 0x00000000d5580000)
  object space 634880K, 99% used [0x0000000080000000,0x00000000a6bc65b0,0x00000000a6c00000)
 Metaspace       used 72523K, committed 74112K, reserved 1179648K
  class space    used 7552K, committed 8256K, reserved 1048576K
}
Event: 67.851 GC heap after
{Heap after GC invocations=959 (full 3):
 PSYoungGen      total 4096K, used 1858K [0x00000000d5580000, 0x00000000d5c80000, 0x0000000100000000)
  eden space 2048K, 0% used [0x00000000d5580000,0x00000000d5580000,0x00000000d5780000)
  from space 2048K, 90% used [0x00000000d5a80000,0x00000000d5c50868,0x00000000d5c80000)
  to   space 2048K, 0% used [0x00000000d5880000,0x00000000d5880000,0x00000000d5a80000)
 ParOldGen       total 636416K, used 636151K [0x0000000080000000, 0x00000000a6d80000, 0x00000000d5580000)
  object space 636416K, 99% used [0x0000000080000000,0x00000000a6d3dfc8,0x00000000a6d80000)
 Metaspace       used 72523K, committed 74112K, reserved 1179648K
  class space    used 7552K, committed 8256K, reserved 1048576K
}
Event: 67.934 GC heap before
{Heap before GC invocations=960 (full 3):
 PSYoungGen      total 4096K, used 3906K [0x00000000d5580000, 0x00000000d5c80000, 0x0000000100000000)
  eden space 2048K, 100% used [0x00000000d5580000,0x00000000d5780000,0x00000000d5780000)
  from space 2048K, 90% used [0x00000000d5a80000,0x00000000d5c50868,0x00000000d5c80000)
  to   space 2048K, 0% used [0x00000000d5880000,0x00000000d5880000,0x00000000d5a80000)
 ParOldGen       total 636416K, used 636151K [0x0000000080000000, 0x00000000a6d80000, 0x00000000d5580000)
  object space 636416K, 99% used [0x0000000080000000,0x00000000a6d3dfc8,0x00000000a6d80000)
 Metaspace       used 72523K, committed 74112K, reserved 1179648K
  class space    used 7552K, committed 8256K, reserved 1048576K
}
Event: 67.939 GC heap after
{Heap after GC invocations=960 (full 3):
 PSYoungGen      total 4096K, used 1918K [0x00000000d5580000, 0x00000000d5b80000, 0x0000000100000000)
  eden space 2048K, 0% used [0x00000000d5580000,0x00000000d5580000,0x00000000d5780000)
  from space 2048K, 93% used [0x00000000d5880000,0x00000000d5a5f838,0x00000000d5a80000)
  to   space 1024K, 0% used [0x00000000d5a80000,0x00000000d5a80000,0x00000000d5b80000)
 ParOldGen       total 637952K, used 637891K [0x0000000080000000, 0x00000000a6f00000, 0x00000000d5580000)
  object space 637952K, 99% used [0x0000000080000000,0x00000000a6ef0e98,0x00000000a6f00000)
 Metaspace       used 72523K, committed 74112K, reserved 1179648K
  class space    used 7552K, committed 8256K, reserved 1048576K
}
Event: 68.021 GC heap before
{Heap before GC invocations=961 (full 3):
 PSYoungGen      total 4096K, used 3959K [0x00000000d5580000, 0x00000000d5b80000, 0x0000000100000000)
  eden space 2048K, 99% used [0x00000000d5580000,0x00000000d577e650,0x00000000d5780000)
  from space 2048K, 93% used [0x00000000d5880000,0x00000000d5a5f838,0x00000000d5a80000)
  to   space 1024K, 0% used [0x00000000d5a80000,0x00000000d5a80000,0x00000000d5b80000)
 ParOldGen       total 637952K, used 637891K [0x0000000080000000, 0x00000000a6f00000, 0x00000000d5580000)
  object space 637952K, 99% used [0x0000000080000000,0x00000000a6ef0e98,0x00000000a6f00000)
 Metaspace       used 72619K, committed 74176K, reserved 1179648K
  class space    used 7575K, committed 8256K, reserved 1048576K
}
Event: 68.024 GC heap after
{Heap after GC invocations=961 (full 3):
 PSYoungGen      total 3072K, used 986K [0x00000000d5580000, 0x00000000d5b80000, 0x0000000100000000)
  eden space 2048K, 0% used [0x00000000d5580000,0x00000000d5580000,0x00000000d5780000)
  from space 1024K, 96% used [0x00000000d5a80000,0x00000000d5b768c0,0x00000000d5b80000)
  to   space 1536K, 0% used [0x00000000d5880000,0x00000000d5880000,0x00000000d5a00000)
 ParOldGen       total 640000K, used 639652K [0x0000000080000000, 0x00000000a7100000, 0x00000000d5580000)
  object space 640000K, 99% used [0x0000000080000000,0x00000000a70a93f8,0x00000000a7100000)
 Metaspace       used 72619K, committed 74176K, reserved 1179648K
  class space    used 7575K, committed 8256K, reserved 1048576K
}
Event: 68.038 GC heap before
{Heap before GC invocations=962 (full 3):
 PSYoungGen      total 3072K, used 3034K [0x00000000d5580000, 0x00000000d5b80000, 0x0000000100000000)
  eden space 2048K, 100% used [0x00000000d5580000,0x00000000d5780000,0x00000000d5780000)
  from space 1024K, 96% used [0x00000000d5a80000,0x00000000d5b768c0,0x00000000d5b80000)
  to   space 1536K, 0% used [0x00000000d5880000,0x00000000d5880000,0x00000000d5a00000)
 ParOldGen       total 640000K, used 639652K [0x0000000080000000, 0x00000000a7100000, 0x00000000d5580000)
  object space 640000K, 99% used [0x0000000080000000,0x00000000a70a93f8,0x00000000a7100000)
 Metaspace       used 72619K, committed 74176K, reserved 1179648K
  class space    used 7575K, committed 8256K, reserved 1048576K
}
Event: 68.042 GC heap after
{Heap after GC invocations=962 (full 3):
 PSYoungGen      total 3584K, used 320K [0x00000000d5580000, 0x00000000d5b00000, 0x0000000100000000)
  eden space 2048K, 0% used [0x00000000d5580000,0x00000000d5580000,0x00000000d5780000)
  from space 1536K, 20% used [0x00000000d5880000,0x00000000d58d0000,0x00000000d5a00000)
  to   space 1024K, 0% used [0x00000000d5a00000,0x00000000d5a00000,0x00000000d5b00000)
 ParOldGen       total 640512K, used 640507K [0x0000000080000000, 0x00000000a7180000, 0x00000000d5580000)
  object space 640512K, 99% used [0x0000000080000000,0x00000000a717eec8,0x00000000a7180000)
 Metaspace       used 72619K, committed 74176K, reserved 1179648K
  class space    used 7575K, committed 8256K, reserved 1048576K
}
Event: 68.100 GC heap before
{Heap before GC invocations=963 (full 3):
 PSYoungGen      total 3584K, used 2368K [0x00000000d5580000, 0x00000000d5b00000, 0x0000000100000000)
  eden space 2048K, 100% used [0x00000000d5580000,0x00000000d5780000,0x00000000d5780000)
  from space 1536K, 20% used [0x00000000d5880000,0x00000000d58d0000,0x00000000d5a00000)
  to   space 1024K, 0% used [0x00000000d5a00000,0x00000000d5a00000,0x00000000d5b00000)
 ParOldGen       total 640512K, used 640507K [0x0000000080000000, 0x00000000a7180000, 0x00000000d5580000)
  object space 640512K, 99% used [0x0000000080000000,0x00000000a717eec8,0x00000000a7180000)
 Metaspace       used 72635K, committed 74176K, reserved 1179648K
  class space    used 7576K, committed 8256K, reserved 1048576K
}
Event: 68.103 GC heap after
{Heap after GC invocations=963 (full 3):
 PSYoungGen      total 3072K, used 576K [0x00000000d5580000, 0x00000000d5b00000, 0x0000000100000000)
  eden space 2048K, 0% used [0x00000000d5580000,0x00000000d5580000,0x00000000d5780000)
  from space 1024K, 56% used [0x00000000d5a00000,0x00000000d5a90000,0x00000000d5b00000)
  to   space 1024K, 0% used [0x00000000d5900000,0x00000000d5900000,0x00000000d5a00000)
 ParOldGen       total 641024K, used 640555K [0x0000000080000000, 0x00000000a7200000, 0x00000000d5580000)
  object space 641024K, 99% used [0x0000000080000000,0x00000000a718aec8,0x00000000a7200000)
 Metaspace       used 72635K, committed 74176K, reserved 1179648K
  class space    used 7576K, committed 8256K, reserved 1048576K
}
Event: 70.329 GC heap before
{Heap before GC invocations=964 (full 3):
 PSYoungGen      total 3072K, used 2624K [0x00000000d5580000, 0x00000000d5b00000, 0x0000000100000000)
  eden space 2048K, 100% used [0x00000000d5580000,0x00000000d5780000,0x00000000d5780000)
  from space 1024K, 56% used [0x00000000d5a00000,0x00000000d5a90000,0x00000000d5b00000)
  to   space 1024K, 0% used [0x00000000d5900000,0x00000000d5900000,0x00000000d5a00000)
 ParOldGen       total 641024K, used 640555K [0x0000000080000000, 0x00000000a7200000, 0x00000000d5580000)
  object space 641024K, 99% used [0x0000000080000000,0x00000000a718aec8,0x00000000a7200000)
 Metaspace       used 72760K, committed 74304K, reserved 1179648K
  class space    used 7589K, committed 8256K, reserved 1048576K
}
Event: 70.332 GC heap after
{Heap after GC invocations=964 (full 3):
 PSYoungGen      total 3072K, used 320K [0x00000000d5580000, 0x00000000d5a80000, 0x0000000100000000)
  eden space 2048K, 0% used [0x00000000d5580000,0x00000000d5580000,0x00000000d5780000)
  from space 1024K, 31% used [0x00000000d5900000,0x00000000d5950000,0x00000000d5a00000)
  to   space 512K, 0% used [0x00000000d5a00000,0x00000000d5a00000,0x00000000d5a80000)
 ParOldGen       total 641024K, used 640939K [0x0000000080000000, 0x00000000a7200000, 0x00000000d5580000)
  object space 641024K, 99% used [0x0000000080000000,0x00000000a71eaec8,0x00000000a7200000)
 Metaspace       used 72760K, committed 74304K, reserved 1179648K
  class space    used 7589K, committed 8256K, reserved 1048576K
}
Event: 70.465 GC heap before
{Heap before GC invocations=965 (full 3):
 PSYoungGen      total 3072K, used 2368K [0x00000000d5580000, 0x00000000d5a80000, 0x0000000100000000)
  eden space 2048K, 100% used [0x00000000d5580000,0x00000000d5780000,0x00000000d5780000)
  from space 1024K, 31% used [0x00000000d5900000,0x00000000d5950000,0x00000000d5a00000)
  to   space 512K, 0% used [0x00000000d5a00000,0x00000000d5a00000,0x00000000d5a80000)
 ParOldGen       total 641024K, used 640939K [0x0000000080000000, 0x00000000a7200000, 0x00000000d5580000)
  object space 641024K, 99% used [0x0000000080000000,0x00000000a71eaec8,0x00000000a7200000)
 Metaspace       used 72782K, committed 74304K, reserved 1179648K
  class space    used 7590K, committed 8256K, reserved 1048576K
}
Event: 70.467 GC heap after
{Heap after GC invocations=965 (full 3):
 PSYoungGen      total 2560K, used 288K [0x00000000d5580000, 0x00000000d5a80000, 0x0000000100000000)
  eden space 2048K, 0% used [0x00000000d5580000,0x00000000d5580000,0x00000000d5780000)
  from space 512K, 56% used [0x00000000d5a00000,0x00000000d5a48000,0x00000000d5a80000)
  to   space 512K, 0% used [0x00000000d5980000,0x00000000d5980000,0x00000000d5a00000)
 ParOldGen       total 641536K, used 641083K [0x0000000080000000, 0x00000000a7280000, 0x00000000d5580000)
  object space 641536K, 99% used [0x0000000080000000,0x00000000a720eec8,0x00000000a7280000)
 Metaspace       used 72782K, committed 74304K, reserved 1179648K
  class space    used 7590K, committed 8256K, reserved 1048576K
}
Event: 166.990 GC heap before
{Heap before GC invocations=966 (full 3):
 PSYoungGen      total 2560K, used 2335K [0x00000000d5580000, 0x00000000d5a80000, 0x0000000100000000)
  eden space 2048K, 99% used [0x00000000d5580000,0x00000000d577fff8,0x00000000d5780000)
  from space 512K, 56% used [0x00000000d5a00000,0x00000000d5a48000,0x00000000d5a80000)
  to   space 512K, 0% used [0x00000000d5980000,0x00000000d5980000,0x00000000d5a00000)
 ParOldGen       total 641536K, used 641083K [0x0000000080000000, 0x00000000a7280000, 0x00000000d5580000)
  object space 641536K, 99% used [0x0000000080000000,0x00000000a720eec8,0x00000000a7280000)
 Metaspace       used 72824K, committed 74368K, reserved 1179648K
  class space    used 7594K, committed 8256K, reserved 1048576K
}
Event: 166.997 GC heap after
{Heap after GC invocations=966 (full 3):
 PSYoungGen      total 2560K, used 256K [0x00000000d5580000, 0x00000000d5a80000, 0x0000000100000000)
  eden space 2048K, 0% used [0x00000000d5580000,0x00000000d5580000,0x00000000d5780000)
  from space 512K, 50% used [0x00000000d5980000,0x00000000d59c0000,0x00000000d5a00000)
  to   space 512K, 0% used [0x00000000d5a00000,0x00000000d5a00000,0x00000000d5a80000)
 ParOldGen       total 641536K, used 641123K [0x0000000080000000, 0x00000000a7280000, 0x00000000d5580000)
  object space 641536K, 99% used [0x0000000080000000,0x00000000a7218ec8,0x00000000a7280000)
 Metaspace       used 72824K, committed 74368K, reserved 1179648K
  class space    used 7594K, committed 8256K, reserved 1048576K
}
Event: 313.547 GC heap before
{Heap before GC invocations=967 (full 3):
 PSYoungGen      total 2560K, used 2303K [0x00000000d5580000, 0x00000000d5a80000, 0x0000000100000000)
  eden space 2048K, 99% used [0x00000000d5580000,0x00000000d577fff0,0x00000000d5780000)
  from space 512K, 50% used [0x00000000d5980000,0x00000000d59c0000,0x00000000d5a00000)
  to   space 512K, 0% used [0x00000000d5a00000,0x00000000d5a00000,0x00000000d5a80000)
 ParOldGen       total 641536K, used 641123K [0x0000000080000000, 0x00000000a7280000, 0x00000000d5580000)
  object space 641536K, 99% used [0x0000000080000000,0x00000000a7218ec8,0x00000000a7280000)
 Metaspace       used 73075K, committed 74624K, reserved 1179648K
  class space    used 7617K, committed 8320K, reserved 1048576K
}
Event: 313.609 GC heap after
{Heap after GC invocations=967 (full 3):
 PSYoungGen      total 2560K, used 352K [0x00000000d5580000, 0x00000000d5a80000, 0x0000000100000000)
  eden space 2048K, 0% used [0x00000000d5580000,0x00000000d5580000,0x00000000d5780000)
  from space 512K, 68% used [0x00000000d5a00000,0x00000000d5a58000,0x00000000d5a80000)
  to   space 512K, 0% used [0x00000000d5980000,0x00000000d5980000,0x00000000d5a00000)
 ParOldGen       total 641536K, used 641195K [0x0000000080000000, 0x00000000a7280000, 0x00000000d5580000)
  object space 641536K, 99% used [0x0000000080000000,0x00000000a722aec8,0x00000000a7280000)
 Metaspace       used 73075K, committed 74624K, reserved 1179648K
  class space    used 7617K, committed 8320K, reserved 1048576K
}

Dll operation events (10 events):
Event: 0.021 Loaded shared library c:\Users\sagar\.vscode\extensions\redhat.java-1.55.0-win32-x64\jre\21.0.11-win32-x86_64\bin\java.dll
Event: 0.169 Loaded shared library c:\Users\sagar\.vscode\extensions\redhat.java-1.55.0-win32-x64\jre\21.0.11-win32-x86_64\bin\zip.dll
Event: 0.218 Loaded shared library C:\Users\sagar\.vscode\extensions\redhat.java-1.55.0-win32-x64\jre\21.0.11-win32-x86_64\bin\instrument.dll
Event: 0.224 Loaded shared library C:\Users\sagar\.vscode\extensions\redhat.java-1.55.0-win32-x64\jre\21.0.11-win32-x86_64\bin\net.dll
Event: 0.226 Loaded shared library C:\Users\sagar\.vscode\extensions\redhat.java-1.55.0-win32-x64\jre\21.0.11-win32-x86_64\bin\nio.dll
Event: 0.229 Loaded shared library C:\Users\sagar\.vscode\extensions\redhat.java-1.55.0-win32-x64\jre\21.0.11-win32-x86_64\bin\zip.dll
Event: 0.255 Loaded shared library C:\Users\sagar\.vscode\extensions\redhat.java-1.55.0-win32-x64\jre\21.0.11-win32-x86_64\bin\jimage.dll
Event: 0.407 Loaded shared library c:\Users\sagar\.vscode\extensions\redhat.java-1.55.0-win32-x64\jre\21.0.11-win32-x86_64\bin\verify.dll
Event: 2.767 Loaded shared library C:\Users\sagar\AppData\Roaming\Code\User\globalStorage\redhat.java\1.55.0\config_win\org.eclipse.equinox.launcher\org.eclipse.equinox.launcher.win32.win32.x86_64_1.3.100.v20260613-0559\eclipse_11924.dll
Event: 8.034 Loaded shared library C:\Users\sagar\AppData\Local\Temp\jna-109196746\jna10302517690351700946.dll

Deoptimization events (20 events):
Event: 313.641 Thread 0x000001d56b369ff0 Uncommon trap: trap_request=0xffffffde fr.pc=0x000001d517e52704 relative=0x00000000000002e4
Event: 313.641 Thread 0x000001d56b369ff0 Uncommon trap: reason=class_check action=maybe_recompile pc=0x000001d517e52704 method=java.io.DataOutputStream.writeByte(I)V @ 5 c2
Event: 313.641 Thread 0x000001d56b369ff0 DEOPT PACKING pc=0x000001d517e52704 sp=0x0000003e780feea0
Event: 313.641 Thread 0x000001d56b369ff0 DEOPT UNPACKING pc=0x000001d517263aa2 sp=0x0000003e780fee58 mode 2
Event: 313.641 Thread 0x000001d56b369ff0 Uncommon trap: trap_request=0xffffffde fr.pc=0x000001d517e52704 relative=0x00000000000002e4
Event: 313.641 Thread 0x000001d56b369ff0 Uncommon trap: reason=class_check action=maybe_recompile pc=0x000001d517e52704 method=java.io.DataOutputStream.writeByte(I)V @ 5 c2
Event: 313.641 Thread 0x000001d56b369ff0 DEOPT PACKING pc=0x000001d517e52704 sp=0x0000003e780feea0
Event: 313.641 Thread 0x000001d56b369ff0 DEOPT UNPACKING pc=0x000001d517263aa2 sp=0x0000003e780fee58 mode 2
Event: 313.641 Thread 0x000001d56b369ff0 Uncommon trap: trap_request=0xffffffde fr.pc=0x000001d517e4cac4 relative=0x0000000000000cc4
Event: 313.641 Thread 0x000001d56b369ff0 Uncommon trap: reason=class_check action=maybe_recompile pc=0x000001d517e4cac4 method=java.io.DataOutputStream.write([BII)V @ 7 c2
Event: 313.641 Thread 0x000001d56b369ff0 DEOPT PACKING pc=0x000001d517e4cac4 sp=0x0000003e780fede0
Event: 313.641 Thread 0x000001d56b369ff0 DEOPT UNPACKING pc=0x000001d517263aa2 sp=0x0000003e780fed10 mode 2
Event: 313.641 Thread 0x000001d56b369ff0 Uncommon trap: trap_request=0xffffffde fr.pc=0x000001d517e4f788 relative=0x0000000000000488
Event: 313.641 Thread 0x000001d56b369ff0 Uncommon trap: reason=class_check action=maybe_recompile pc=0x000001d517e4f788 method=java.io.DataOutputStream.writeInt(I)V @ 19 c2
Event: 313.641 Thread 0x000001d56b369ff0 DEOPT PACKING pc=0x000001d517e4f788 sp=0x0000003e780fed50
Event: 313.641 Thread 0x000001d56b369ff0 DEOPT UNPACKING pc=0x000001d517263aa2 sp=0x0000003e780fed08 mode 2
Event: 313.641 Thread 0x000001d56b369ff0 Uncommon trap: trap_request=0xffffffde fr.pc=0x000001d517e4cac4 relative=0x0000000000000cc4
Event: 313.641 Thread 0x000001d56b369ff0 Uncommon trap: reason=class_check action=maybe_recompile pc=0x000001d517e4cac4 method=java.io.DataOutputStream.write([BII)V @ 7 c2
Event: 313.641 Thread 0x000001d56b369ff0 DEOPT PACKING pc=0x000001d517e4cac4 sp=0x0000003e780fed30
Event: 313.641 Thread 0x000001d56b369ff0 DEOPT UNPACKING pc=0x000001d517263aa2 sp=0x0000003e780fec60 mode 2

Classes loaded (20 events):
Event: 26.907 Loading class java/lang/UnsupportedClassVersionError
Event: 26.907 Loading class java/lang/UnsupportedClassVersionError done
Event: 33.509 Loading class jdk/internal/ref/CleanerImpl$InnocuousThreadFactory
Event: 33.510 Loading class jdk/internal/ref/CleanerImpl$InnocuousThreadFactory done
Event: 313.243 Loading class java/util/stream/Nodes$CollectorTask$OfRef
Event: 313.249 Loading class java/util/stream/Nodes$CollectorTask
Event: 313.255 Loading class java/util/stream/Nodes$CollectorTask done
Event: 313.256 Loading class java/util/stream/Nodes$CollectorTask$OfRef done
Event: 313.258 Loading class java/util/function/LongFunction
Event: 313.258 Loading class java/util/function/LongFunction done
Event: 313.261 Loading class java/util/stream/Nodes$ConcNode
Event: 313.264 Loading class java/util/stream/Nodes$AbstractConcNode
Event: 313.266 Loading class java/util/stream/Nodes$AbstractConcNode done
Event: 313.266 Loading class java/util/stream/Nodes$ConcNode done
Event: 313.466 Loading class java/io/ObjectOutputStream$BlockDataOutputStream
Event: 313.469 Loading class java/io/ObjectOutputStream$BlockDataOutputStream done
Event: 313.470 Loading class java/io/ObjectOutputStream$HandleTable
Event: 313.470 Loading class java/io/ObjectOutputStream$HandleTable done
Event: 313.471 Loading class java/io/ObjectOutputStream$ReplaceTable
Event: 313.471 Loading class java/io/ObjectOutputStream$ReplaceTable done

Classes unloaded (10 events):
Event: 9.707 Thread 0x000001d50cb82bc0 Unloading class 0x000001d5251a8c00 'java/lang/invoke/LambdaForm$MH+0x000001d5251a8c00'
Event: 9.707 Thread 0x000001d50cb82bc0 Unloading class 0x000001d5251a8800 'java/lang/invoke/LambdaForm$MH+0x000001d5251a8800'
Event: 9.707 Thread 0x000001d50cb82bc0 Unloading class 0x000001d5251a8400 'java/lang/invoke/LambdaForm$MH+0x000001d5251a8400'
Event: 9.707 Thread 0x000001d50cb82bc0 Unloading class 0x000001d5251a8000 'java/lang/invoke/LambdaForm$MH+0x000001d5251a8000'
Event: 9.707 Thread 0x000001d50cb82bc0 Unloading class 0x000001d5251a7c00 'java/lang/invoke/LambdaForm$BMH+0x000001d5251a7c00'
Event: 9.707 Thread 0x000001d50cb82bc0 Unloading class 0x000001d5251a7800 'java/lang/invoke/LambdaForm$DMH+0x000001d5251a7800'
Event: 9.707 Thread 0x000001d50cb82bc0 Unloading class 0x000001d5251a6400 'java/lang/invoke/LambdaForm$DMH+0x000001d5251a6400'
Event: 18.077 Thread 0x000001d50cb82bc0 Unloading class 0x000001d52561cc00 'java/lang/invoke/LambdaForm$DMH+0x000001d52561cc00'
Event: 18.077 Thread 0x000001d50cb82bc0 Unloading class 0x000001d52561c800 'java/lang/invoke/LambdaForm$DMH+0x000001d52561c800'
Event: 18.077 Thread 0x000001d50cb82bc0 Unloading class 0x000001d52561c400 'java/lang/invoke/LambdaForm$DMH+0x000001d52561c400'

Classes redefined (0 events):
No events

Internal exceptions (20 events):
Event: 32.863 Thread 0x000001d56de2c640 Exception <a 'sun/nio/fs/WindowsException'{0x00000000d5686c98}> (0x00000000d5686c98) 
thrown [s\src\hotspot\share\prims\jni.cpp, line 520]
Event: 32.863 Thread 0x000001d56de2c640 Exception <a 'sun/nio/fs/WindowsException'{0x00000000d568ff00}> (0x00000000d568ff00) 
thrown [s\src\hotspot\share\prims\jni.cpp, line 520]
Event: 32.864 Thread 0x000001d56de2c640 Exception <a 'sun/nio/fs/WindowsException'{0x00000000d569a280}> (0x00000000d569a280) 
thrown [s\src\hotspot\share\prims\jni.cpp, line 520]
Event: 32.864 Thread 0x000001d56de2c640 Exception <a 'sun/nio/fs/WindowsException'{0x00000000d569c160}> (0x00000000d569c160) 
thrown [s\src\hotspot\share\prims\jni.cpp, line 520]
Event: 32.871 Thread 0x000001d56de2c640 Exception <a 'sun/nio/fs/WindowsException'{0x00000000d56f1f18}> (0x00000000d56f1f18) 
thrown [s\src\hotspot\share\prims\jni.cpp, line 520]
Event: 32.871 Thread 0x000001d56de2c640 Exception <a 'sun/nio/fs/WindowsException'{0x00000000d56f41f0}> (0x00000000d56f41f0) 
thrown [s\src\hotspot\share\prims\jni.cpp, line 520]
Event: 32.975 Thread 0x000001d56de335d0 Exception <a 'java/lang/NoSuchMethodError'{0x00000000d55e0398}: 'java.lang.Object java.lang.invoke.DirectMethodHandle$Holder.invokeStaticInit(java.lang.Object, java.lang.Object, java.lang.Object)'> (0x00000000d55e0398) 
thrown [s\src\hotspot\share\interpreter\linkResolver.cpp, line 773]
Event: 67.993 Thread 0x000001d56de335d0 Exception <a 'java/lang/NullPointerException'{0x00000000d565ab20}> (0x00000000d565ab20) 
thrown [s\src\hotspot\share\interpreter\linkResolver.cpp, line 1372]
Event: 67.993 Thread 0x000001d56de335d0 Exception <a 'java/lang/NullPointerException'{0x00000000d565b270}> (0x00000000d565b270) 
thrown [s\src\hotspot\share\interpreter\linkResolver.cpp, line 1372]
Event: 67.993 Thread 0x000001d56de335d0 Exception <a 'java/lang/NullPointerException'{0x00000000d565bc18}> (0x00000000d565bc18) 
thrown [s\src\hotspot\share\interpreter\linkResolver.cpp, line 1372]
Event: 68.114 Thread 0x000001d56de335d0 Exception <a 'java/lang/NullPointerException'{0x00000000d55cf380}> (0x00000000d55cf380) 
thrown [s\src\hotspot\share\interpreter\linkResolver.cpp, line 1372]
Event: 68.114 Thread 0x000001d56de335d0 Exception <a 'java/lang/NullPointerException'{0x00000000d55cfb20}> (0x00000000d55cfb20) 
thrown [s\src\hotspot\share\interpreter\linkResolver.cpp, line 1372]
Event: 68.114 Thread 0x000001d56de335d0 Exception <a 'java/lang/NullPointerException'{0x00000000d55d0420}> (0x00000000d55d0420) 
thrown [s\src\hotspot\share\interpreter\linkResolver.cpp, line 1372]
Event: 70.243 Thread 0x000001d56d102040 Exception <a 'java/lang/IncompatibleClassChangeError'{0x00000000d55eea90}: Found class java.lang.Object, but interface was expected> (0x00000000d55eea90) 
thrown [s\src\hotspot\share\interpreter\linkResolver.cpp, line 840]
Event: 70.258 Thread 0x000001d56de335d0 Exception <a 'java/lang/NoSuchMethodError'{0x00000000d56243a0}: 'java.lang.Object java.lang.invoke.DirectMethodHandle$Holder.invokeSpecial(java.lang.Object, java.lang.Object, java.lang.Object, java.lang.Object, int, java.lang.Object, java.lang.Object)'> (0x00000000d56243a0) 
thrown [s\src\hotspot\share\interpreter\linkResolver.cpp, line 773]
Event: 73.684 Thread 0x000001d56de335d0 Exception <a 'java/lang/ArrayIndexOutOfBoundsException'{0x00000000d5742a00}> (0x00000000d5742a00) 
thrown [s\src\hotspot\share\runtime\sharedRuntime.cpp, line 625]
Event: 313.402 Thread 0x000001d56b369ff0 Exception <a 'sun/nio/fs/WindowsException'{0x00000000d56e9ef0}> (0x00000000d56e9ef0) 
thrown [s\src\hotspot\share\prims\jni.cpp, line 520]
Event: 313.405 Thread 0x000001d56b369ff0 Exception <a 'sun/nio/fs/WindowsException'{0x00000000d56ea908}> (0x00000000d56ea908) 
thrown [s\src\hotspot\share\prims\jni.cpp, line 520]
Event: 313.423 Thread 0x000001d56b369ff0 Implicit null exception at 0x000001d517ecee86 to 0x000001d517ecf120
Event: 313.618 Thread 0x000001d56b369ff0 Exception <a 'java/lang/NoSuchMethodError'{0x00000000d5599a50}: static [J.<clinit>()V> (0x00000000d5599a50) 
thrown [s\src\hotspot\share\prims\jni.cpp, line 1111]

ZGC Phase Switch (0 events):
No events

VM Operations (20 events):
Event: 282.877 Executing safepoint VM operation: Cleanup
Event: 282.877 Executing safepoint VM operation: Cleanup done
Event: 300.900 Executing non-safepoint VM operation: HandshakeAllThreads (HandshakeForDeflation)
Event: 300.900 Executing non-safepoint VM operation: HandshakeAllThreads (HandshakeForDeflation) done
Event: 300.901 Executing non-safepoint VM operation: RendezvousGCThreads
Event: 300.901 Executing non-safepoint VM operation: RendezvousGCThreads done
Event: 302.900 Executing safepoint VM operation: Cleanup
Event: 302.900 Executing safepoint VM operation: Cleanup done
Event: 308.916 Executing safepoint VM operation: Cleanup
Event: 308.916 Executing safepoint VM operation: Cleanup done
Event: 313.547 Executing safepoint VM operation: ParallelGCFailedAllocation (Allocation Failure)
Event: 313.609 Executing safepoint VM operation: ParallelGCFailedAllocation (Allocation Failure) done
Event: 313.794 Executing non-safepoint VM operation: HandshakeAllThreads (Deoptimize)
Event: 313.795 Executing non-safepoint VM operation: HandshakeAllThreads (Deoptimize) done
Event: 314.787 Executing safepoint VM operation: Cleanup
Event: 314.787 Executing safepoint VM operation: Cleanup done
Event: 360.953 Executing non-safepoint VM operation: HandshakeAllThreads (HandshakeForDeflation)
Event: 360.953 Executing non-safepoint VM operation: HandshakeAllThreads (HandshakeForDeflation) done
Event: 360.953 Executing non-safepoint VM operation: RendezvousGCThreads
Event: 360.953 Executing non-safepoint VM operation: RendezvousGCThreads done

Memory protections (0 events):
No events

Nmethod flushes (20 events):
Event: 18.098 Thread 0x000001d50cb82bc0 flushing  nmethod 0x000001d5104f3290
Event: 18.098 Thread 0x000001d50cb82bc0 flushing  nmethod 0x000001d5104f3d10
Event: 18.098 Thread 0x000001d50cb82bc0 flushing  nmethod 0x000001d5104f7210
Event: 18.098 Thread 0x000001d50cb82bc0 flushing  nmethod 0x000001d510523810
Event: 18.098 Thread 0x000001d50cb82bc0 flushing  nmethod 0x000001d51052d010
Event: 18.098 Thread 0x000001d50cb82bc0 flushing osr nmethod 0x000001d510568990
Event: 18.098 Thread 0x000001d50cb82bc0 flushing  nmethod 0x000001d510583610
Event: 18.098 Thread 0x000001d50cb82bc0 flushing  nmethod 0x000001d51058a890
Event: 18.098 Thread 0x000001d50cb82bc0 flushing  nmethod 0x000001d5105a4790
Event: 18.098 Thread 0x000001d50cb82bc0 flushing  nmethod 0x000001d5105ae010
Event: 18.098 Thread 0x000001d50cb82bc0 flushing  nmethod 0x000001d5105b7f10
Event: 18.098 Thread 0x000001d50cb82bc0 flushing  nmethod 0x000001d5105b8890
Event: 18.098 Thread 0x000001d50cb82bc0 flushing  nmethod 0x000001d5105b8c10
Event: 18.098 Thread 0x000001d50cb82bc0 flushing  nmethod 0x000001d5105b9210
Event: 18.098 Thread 0x000001d50cb82bc0 flushing  nmethod 0x000001d5105bf190
Event: 18.098 Thread 0x000001d50cb82bc0 flushing  nmethod 0x000001d5105e1010
Event: 18.098 Thread 0x000001d50cb82bc0 flushing  nmethod 0x000001d5105e1610
Event: 18.098 Thread 0x000001d50cb82bc0 flushing  nmethod 0x000001d5105e1e90
Event: 18.098 Thread 0x000001d50cb82bc0 flushing  nmethod 0x000001d5105e4490
Event: 18.098 Thread 0x000001d50cb82bc0 flushing  nmethod 0x000001d5105e4c90

Events (20 events):
Event: 319.889 Thread 0x000001d56e203490 Thread exited: 0x000001d56e203490
Event: 319.889 Thread 0x000001d56e202770 Thread exited: 0x000001d56e202770
Event: 319.889 Thread 0x000001d56e1ff2f0 Thread exited: 0x000001d56e1ff2f0
Event: 319.889 Thread 0x000001d56e2013c0 Thread exited: 0x000001d56e2013c0
Event: 319.889 Thread 0x000001d56e200d30 Thread exited: 0x000001d56e200d30
Event: 319.890 Thread 0x000001d56e1ff980 Thread exited: 0x000001d56e1ff980
Event: 321.276 Thread 0x000001d56de2e710 Thread exited: 0x000001d56de2e710
Event: 321.339 Thread 0x000001d56de2ccd0 Thread exited: 0x000001d56de2ccd0
Event: 321.340 Thread 0x000001d56de2eda0 Thread exited: 0x000001d56de2eda0
Event: 321.356 Thread 0x000001d56e2041b0 Thread exited: 0x000001d56e2041b0
Event: 321.373 Thread 0x000001d56e206280 Thread exited: 0x000001d56e206280
Event: 321.373 Thread 0x000001d56e204840 Thread exited: 0x000001d56e204840
Event: 321.434 Thread 0x000001d56e205560 Thread exited: 0x000001d56e205560
Event: 321.481 Thread 0x000001d56e204ed0 Thread exited: 0x000001d56e204ed0
Event: 321.513 Thread 0x000001d56de2d9f0 Thread exited: 0x000001d56de2d9f0
Event: 321.546 Thread 0x000001d56e201a50 Thread exited: 0x000001d56e201a50
Event: 321.857 Thread 0x000001d56de2e080 Thread exited: 0x000001d56de2e080
Event: 366.995 Thread 0x000001d56d0ff8e0 Thread exited: 0x000001d56d0ff8e0
Event: 373.752 Thread 0x000001d56cde1480 Thread exited: 0x000001d56cde1480
Event: 379.541 Thread 0x000001d56cde3be0 Thread exited: 0x000001d56cde3be0


Dynamic libraries:
0x00007ff7e8dd0000 - 0x00007ff7e8dde000 	c:\Users\sagar\.vscode\extensions\redhat.java-1.55.0-win32-x64\jre\21.0.11-win32-x86_64\bin\java.exe
0x00007ffe9d380000 - 0x00007ffe9d5e6000 	C:\WINDOWS\SYSTEM32\ntdll.dll
0x00007ffe9c330000 - 0x00007ffe9c3f9000 	C:\WINDOWS\System32\KERNEL32.DLL
0x00007ffe9aa80000 - 0x00007ffe9ae7e000 	C:\WINDOWS\System32\KERNELBASE.dll
0x00007ffe9ae90000 - 0x00007ffe9afdc000 	C:\WINDOWS\System32\ucrtbase.dll
0x00007ffe41b90000 - 0x00007ffe41ba8000 	c:\Users\sagar\.vscode\extensions\redhat.java-1.55.0-win32-x64\jre\21.0.11-win32-x86_64\bin\jli.dll
0x00007ffe9b320000 - 0x00007ffe9b4e7000 	C:\WINDOWS\System32\USER32.dll
0x00007ffe9aff0000 - 0x00007ffe9b017000 	C:\WINDOWS\System32\win32u.dll
0x00007ffe3fd00000 - 0x00007ffe3fd1e000 	c:\Users\sagar\.vscode\extensions\redhat.java-1.55.0-win32-x64\jre\21.0.11-win32-x86_64\bin\VCRUNTIME140.dll
0x00007ffe9c5d0000 - 0x00007ffe9c5fb000 	C:\WINDOWS\System32\GDI32.dll
0x00007ffe9a950000 - 0x00007ffe9aa7a000 	C:\WINDOWS\System32\gdi32full.dll
0x00007ffe7aed0000 - 0x00007ffe7b162000 	C:\WINDOWS\WinSxS\amd64_microsoft.windows.common-controls_6595b64144ccf1df_6.0.26100.8875_none_3e0d5d42e32fe9dd\COMCTL32.dll
0x00007ffe9a660000 - 0x00007ffe9a703000 	C:\WINDOWS\System32\msvcp_win.dll
0x00007ffe9d110000 - 0x00007ffe9d1b9000 	C:\WINDOWS\System32\msvcrt.dll
0x00007ffe9d0d0000 - 0x00007ffe9d102000 	C:\WINDOWS\System32\IMM32.DLL
0x00007ffe96f50000 - 0x00007ffe96f5c000 	c:\Users\sagar\.vscode\extensions\redhat.java-1.55.0-win32-x64\jre\21.0.11-win32-x86_64\bin\vcruntime140_1.dll
0x00007ffe0b590000 - 0x00007ffe0b61d000 	c:\Users\sagar\.vscode\extensions\redhat.java-1.55.0-win32-x64\jre\21.0.11-win32-x86_64\bin\msvcp140.dll
0x00007ffdd3780000 - 0x00007ffdd4522000 	c:\Users\sagar\.vscode\extensions\redhat.java-1.55.0-win32-x64\jre\21.0.11-win32-x86_64\bin\server\jvm.dll
0x00007ffe9cf30000 - 0x00007ffe9cfe7000 	C:\WINDOWS\System32\ADVAPI32.dll
0x00007ffe9b990000 - 0x00007ffe9ba3a000 	C:\WINDOWS\System32\sechost.dll
0x00007ffe9d220000 - 0x00007ffe9d338000 	C:\WINDOWS\System32\RPCRT4.dll
0x00007ffe9c400000 - 0x00007ffe9c480000 	C:\WINDOWS\System32\WS2_32.dll
0x00007ffe9a400000 - 0x00007ffe9a45e000 	C:\WINDOWS\SYSTEM32\POWRPROF.dll
0x00007ffe936b0000 - 0x00007ffe936e6000 	C:\WINDOWS\SYSTEM32\WINMM.dll
0x00007ffe7b680000 - 0x00007ffe7b68b000 	C:\WINDOWS\SYSTEM32\VERSION.dll
0x00007ffe9a3e0000 - 0x00007ffe9a3f4000 	C:\WINDOWS\SYSTEM32\UMPDC.dll
0x00007ffe99280000 - 0x00007ffe9929b000 	C:\WINDOWS\SYSTEM32\kernel.appcore.dll
0x00007ffe8f780000 - 0x00007ffe8f78a000 	c:\Users\sagar\.vscode\extensions\redhat.java-1.55.0-win32-x64\jre\21.0.11-win32-x86_64\bin\jimage.dll
0x00007ffe97bb0000 - 0x00007ffe97df2000 	C:\WINDOWS\SYSTEM32\DBGHELP.DLL
0x00007ffe9b4f0000 - 0x00007ffe9b873000 	C:\WINDOWS\System32\combase.dll
0x00007ffe9c4f0000 - 0x00007ffe9c5c9000 	C:\WINDOWS\System32\OLEAUT32.dll
0x00007ffe73e70000 - 0x00007ffe73eab000 	C:\WINDOWS\SYSTEM32\dbgcore.DLL
0x00007ffe9a710000 - 0x00007ffe9a7bc000 	C:\WINDOWS\System32\bcryptPrimitives.dll
0x00007ffe86e60000 - 0x00007ffe86e6f000 	c:\Users\sagar\.vscode\extensions\redhat.java-1.55.0-win32-x64\jre\21.0.11-win32-x86_64\bin\instrument.dll
0x00007ffe3fce0000 - 0x00007ffe3fd00000 	c:\Users\sagar\.vscode\extensions\redhat.java-1.55.0-win32-x64\jre\21.0.11-win32-x86_64\bin\java.dll
0x00007ffe9bb80000 - 0x00007ffe9c312000 	C:\WINDOWS\System32\SHELL32.dll
0x00007ffe98020000 - 0x00007ffe988b2000 	C:\WINDOWS\SYSTEM32\windows.storage.dll
0x00007ffe9b220000 - 0x00007ffe9b317000 	C:\WINDOWS\System32\SHCORE.dll
0x00007ffe9ba70000 - 0x00007ffe9bad7000 	C:\WINDOWS\System32\shlwapi.dll
0x00007ffe9a4c0000 - 0x00007ffe9a4e9000 	C:\WINDOWS\SYSTEM32\profapi.dll
0x00007ffe3f670000 - 0x00007ffe3f688000 	c:\Users\sagar\.vscode\extensions\redhat.java-1.55.0-win32-x64\jre\21.0.11-win32-x86_64\bin\zip.dll
0x00007ffe87110000 - 0x00007ffe87120000 	C:\Users\sagar\.vscode\extensions\redhat.java-1.55.0-win32-x64\jre\21.0.11-win32-x86_64\bin\net.dll
0x00007ffe923c0000 - 0x00007ffe924e7000 	C:\WINDOWS\SYSTEM32\WINHTTP.dll
0x00007ffe99830000 - 0x00007ffe9989c000 	C:\WINDOWS\system32\mswsock.dll
0x00007ffe3f1f0000 - 0x00007ffe3f206000 	C:\Users\sagar\.vscode\extensions\redhat.java-1.55.0-win32-x64\jre\21.0.11-win32-x86_64\bin\nio.dll
0x00007ffe85270000 - 0x00007ffe85280000 	c:\Users\sagar\.vscode\extensions\redhat.java-1.55.0-win32-x64\jre\21.0.11-win32-x86_64\bin\verify.dll
0x00007ffe24090000 - 0x00007ffe240d5000 	C:\Users\sagar\AppData\Roaming\Code\User\globalStorage\redhat.java\1.55.0\config_win\org.eclipse.equinox.launcher\org.eclipse.equinox.launcher.win32.win32.x86_64_1.3.100.v20260613-0559\eclipse_11924.dll
0x00007ffe9cd90000 - 0x00007ffe9cf29000 	C:\WINDOWS\System32\ole32.dll
0x00007ffe99b30000 - 0x00007ffe99b4b000 	C:\WINDOWS\SYSTEM32\CRYPTSP.dll
0x00007ffe991e0000 - 0x00007ffe99219000 	C:\WINDOWS\system32\rsaenh.dll
0x00007ffe998f0000 - 0x00007ffe99922000 	C:\WINDOWS\SYSTEM32\USERENV.dll
0x00007ffe9a490000 - 0x00007ffe9a4ba000 	C:\WINDOWS\SYSTEM32\bcrypt.dll
0x00007ffe99b50000 - 0x00007ffe99b5c000 	C:\WINDOWS\SYSTEM32\CRYPTBASE.dll
0x00007ffe98ce0000 - 0x00007ffe98d13000 	C:\WINDOWS\SYSTEM32\IPHLPAPI.DLL
0x00007ffe9c320000 - 0x00007ffe9c32a000 	C:\WINDOWS\System32\NSI.dll
0x00007ffe22a50000 - 0x00007ffe22a99000 	C:\Users\sagar\AppData\Local\Temp\jna-109196746\jna10302517690351700946.dll
0x00007ffe9d210000 - 0x00007ffe9d218000 	C:\WINDOWS\System32\PSAPI.DLL
0x00007ffe93810000 - 0x00007ffe9382d000 	C:\WINDOWS\SYSTEM32\dhcpcsvc6.DLL
0x00007ffe937e0000 - 0x00007ffe93805000 	C:\WINDOWS\SYSTEM32\dhcpcsvc.DLL

JVMTI agents:
c:\Users\sagar\.vscode\extensions\redhat.java-1.55.0-win32-x64\lombok\lombok-1.18.39-4050.jar path:c:\Users\sagar\.vscode\extensions\redhat.java-1.55.0-win32-x64\jre\21.0.11-win32-x86_64\bin\instrument.dll, loaded, initialized, instrumentlib options:none

dbghelp: loaded successfully - version: 4.0.5 - missing functions: none
symbol engine: initialized successfully - sym options: 0x614 - pdb path: .;c:\Users\sagar\.vscode\extensions\redhat.java-1.55.0-win32-x64\jre\21.0.11-win32-x86_64\bin;C:\WINDOWS\SYSTEM32;C:\WINDOWS\WinSxS\amd64_microsoft.windows.common-controls_6595b64144ccf1df_6.0.26100.8875_none_3e0d5d42e32fe9dd;c:\Users\sagar\.vscode\extensions\redhat.java-1.55.0-win32-x64\jre\21.0.11-win32-x86_64\bin\server;C:\Users\sagar\AppData\Roaming\Code\User\globalStorage\redhat.java\1.55.0\config_win\org.eclipse.equinox.launcher\org.eclipse.equinox.launcher.win32.win32.x86_64_1.3.100.v20260613-0559;C:\Users\sagar\AppData\Local\Temp\jna-109196746

VM Arguments:
jvm_args: --add-modules=ALL-SYSTEM --add-opens=java.base/java.util=ALL-UNNAMED --add-opens=java.base/java.lang=ALL-UNNAMED --add-opens=java.base/sun.nio.fs=ALL-UNNAMED -Declipse.application=org.eclipse.jdt.ls.core.id1 -Dosgi.bundles.defaultStartLevel=4 -Declipse.product=org.eclipse.jdt.ls.core.product -Djava.import.generatesMetadataFilesAtProjectRoot=false -DDetectVMInstallationsJob.disabled=true -Dfile.encoding=utf8 -XX:+UseParallelGC -XX:GCTimeRatio=4 -XX:AdaptiveSizePolicyWeight=90 -Dsun.zip.disableMemoryMapping=true -Xmx2G -Xms100m -Xlog:disable -javaagent:c:\Users\sagar\.vscode\extensions\redhat.java-1.55.0-win32-x64\lombok\lombok-1.18.39-4050.jar -XX:+HeapDumpOnOutOfMemoryError -XX:HeapDumpPath=c:\Users\sagar\AppData\Roaming\Code\User\workspaceStorage\c297d7d98215fb96aa9e11868aa81bf8\redhat.java -Daether.dependencyCollector.impl=bf 
java_command: c:\Users\sagar\.vscode\extensions\redhat.java-1.55.0-win32-x64\server\plugins\org.eclipse.equinox.launcher_1.7.200.v20260619-2039.jar -configuration c:\Users\sagar\AppData\Roaming\Code\User\globalStorage\redhat.java\1.55.0\config_win -data c:\Users\sagar\AppData\Roaming\Code\User\workspaceStorage\c297d7d98215fb96aa9e11868aa81bf8\redhat.java\jdt_ws --pipe=\\.\pipe\lsp-41a5daee77215324e22d97c2cd3ba41f-sock
java_class_path (initial): c:\Users\sagar\.vscode\extensions\redhat.java-1.55.0-win32-x64\server\plugins\org.eclipse.equinox.launcher_1.7.200.v20260619-2039.jar
Launcher Type: SUN_STANDARD

[Global flags]
    uintx AdaptiveSizePolicyWeight                 = 90                                        {product} {command line}
     intx CICompilerCount                          = 4                                         {product} {ergonomic}
    uintx GCTimeRatio                              = 4                                         {product} {command line}
     bool HeapDumpOnOutOfMemoryError               = true                                   {manageable} {command line}
    ccstr HeapDumpPath                             = c:\Users\sagar\AppData\Roaming\Code\User\workspaceStorage\c297d7d98215fb96aa9e11868aa81bf8\redhat.java         {manageable} {command line}
   size_t InitialHeapSize                          = 104857600                                 {product} {command line}
   size_t MaxHeapSize                              = 2147483648                                {product} {command line}
   size_t MaxNewSize                               = 715653120                                 {product} {ergonomic}
   size_t MinHeapDeltaBytes                        = 524288                                    {product} {ergonomic}
   size_t MinHeapSize                              = 104857600                                 {product} {command line}
   size_t NewSize                                  = 34603008                                  {product} {ergonomic}
    uintx NonNMethodCodeHeapSize                   = 5839372                                {pd product} {ergonomic}
    uintx NonProfiledCodeHeapSize                  = 122909434                              {pd product} {ergonomic}
   size_t OldSize                                  = 70254592                                  {product} {ergonomic}
    uintx ProfiledCodeHeapSize                     = 122909434                              {pd product} {ergonomic}
    uintx ReservedCodeCacheSize                    = 251658240                              {pd product} {ergonomic}
     bool SegmentedCodeCache                       = true                                      {product} {ergonomic}
   size_t SoftMaxHeapSize                          = 2147483648                             {manageable} {ergonomic}
     bool UseCompressedOops                        = true                           {product lp64_product} {ergonomic}
     bool UseLargePagesIndividualAllocation        = false                                  {pd product} {ergonomic}
     bool UseParallelGC                            = true                                      {product} {command line}

Logging:
Log output configuration:
 #0: stdout all=off uptime,level,tags foldmultilines=false
 #1: stderr all=off uptime,level,tags foldmultilines=false

Release file:
JAVA_VERSION="21.0.11" 
MODULES="java.base java.compiler java.datatransfer java.xml java.prefs java.desktop java.instrument java.logging java.management java.security.sasl java.naming java.rmi java.management.rmi java.net.http java.scripting java.security.jgss java.transaction.xa java.sql java.sql.rowset java.xml.crypto java.se java.smartcardio jdk.accessibility jdk.internal.jvmstat jdk.attach jdk.charsets jdk.internal.opt jdk.zipfs jdk.compiler jdk.crypto.ec jdk.crypto.cryptoki jdk.crypto.mscapi jdk.dynalink jdk.internal.ed jdk.editpad jdk.hotspot.agent jdk.httpserver jdk.internal.le jdk.internal.vm.ci jdk.internal.vm.compiler jdk.internal.vm.compiler.management jdk.jartool jdk.javadoc jdk.jcmd jdk.management jdk.management.agent jdk.jconsole jdk.jdeps jdk.jdwp.agent jdk.jdi jdk.jfr jdk.jshell jdk.jsobject jdk.jstatd jdk.localedata jdk.management.jfr jdk.naming.dns jdk.naming.rmi jdk.net jdk.nio.mapmode jdk.random jdk.sctp jdk.security.auth jdk.security.jgss jdk.unsupported jdk.unsupported.desktop jdk.xml.dom" 

Environment Variables:
JAVA_HOME=D:\java17
PATH=C:\Users\sagar\AppData\Local\Android\Sdk\cmdline-tools\latest\bin;C:\Users\sagar\AppData\Local\Android\Sdk\platform-tools;D:\mysql\New folder\bin;D:\JDK8\bin;D:\Py\;D:\Py\Scripts\;C:\Program Files\Common Files\Oracle\Java\javapath;C:\Program Files (x86)\Common Files\Oracle\Java\java8path;C:\Program Files (x86)\Common Files\Oracle\Java\javapath;C:\WINDOWS\system32;C:\WINDOWS;C:\WINDOWS\System32\Wbem;C:\WINDOWS\System32\WindowsPowerShell\v1.0\;C:\WINDOWS\System32\OpenSSH\;C:\Program Files\dotnet\;D:\xampp\mysql\bin;D:\java17\bin;D:\Apche maven\apache-maven-3.9.11\bin;D:\Apche maven\apache-maven-3.9.11\bin;D:\xampp\php;C:\ProgramData\ComposerSetup\bin;D:\nodejs\;D:\nodejs\node_modules\npm\bin;D:\Git\cmd;D:\Git\bin;D:\Android-Studio\bin;D:\java17\bin;D:\mysql\New folder\bin;D:\jdk\bin;C:\Users\sagar\AppData\Local\Microsoft\WindowsApps;D:\Microsoft VS Code\bin;D:\Py\;D:\JDK8\bin;D:\Py\Scripts\;D:\xampp\mysql\bin;D:\Apche maven\apache-maven-3.9.11\bin;C:\Users\sagar\AppData\Roaming\Composer\vendor\bin;C:\Users\sagar\AppData\Roaming\npm;D:\nodejs\node_modules\npm\bin;D:\Git\bin;D:\mongoDb\;C:\Users\sagar\AppData\Local\PowerToys\DSCModules\;D:\Antigravity IDE\bin;D:\Intellij\IntelliJ IDEA 2026.2.0.1\bin;C:\Users\sagar\AppData\Local\Android\Sdk\cmdline-tools\latest\bin;
USERNAME=sagar
OS=Windows_NT
PROCESSOR_IDENTIFIER=Intel64 Family 6 Model 154 Stepping 4, GenuineIntel
TMP=C:\Users\sagar\AppData\Local\Temp
TEMP=C:\Users\sagar\AppData\Local\Temp




Periodic native trim disabled

---------------  S Y S T E M  ---------------

OS:
 Windows 11 , 64 bit Build 26100 (10.0.26100.8875)
OS uptime: 9 days 8:58 hours
Hyper-V role detected

CPU: total 12 (initial active 12) (6 cores per cpu, 2 threads per core) family 6 model 154 stepping 4 microcode 0x43b, cx8, cmov, fxsr, ht, mmx, 3dnowpref, sse, sse2, sse3, ssse3, sse4.1, sse4.2, popcnt, lzcnt, tsc, tscinvbit, avx, avx2, aes, erms, clmul, bmi1, bmi2, adx, sha, fma, vzeroupper, clflush, clflushopt, clwb, hv, serialize, rdtscp, rdpid, fsrm, f16c, cet_ibt, cet_ss
Processor Information for the first 12 processors :
  Max Mhz: 1300, Current Mhz: 1300, Mhz Limit: 1300

Memory: 4k page, system-wide physical 7876M (449M free)
TotalPageFile size 32452M (AvailPageFile size 2M)
current process WorkingSet (physical memory assigned to process): 85M, peak: 961M
current process commit charge ("private bytes"): 919M, peak: 951M

vm_info: OpenJDK 64-Bit Server VM (21.0.11+10-LTS) for windows-amd64 JRE (21.0.11+10-LTS), built on 2026-04-21T00:00:00Z by "admin" with MS VC++ 17.12 (VS2022)

END.
